------------------------------------------------------------
TimeQuest Timing Analyzer Summary
------------------------------------------------------------

Type  : Slow 1200mV 85C Model Setup 'master_spi:master|cnt_byte[0]'
Slack : -2.934
TNS   : -2.934

Type  : Slow 1200mV 85C Model Setup 'clk'
Slack : -1.586
TNS   : -27.457

Type  : Slow 1200mV 85C Model Hold 'clk'
Slack : 0.324
TNS   : 0.000

Type  : Slow 1200mV 85C Model Hold 'master_spi:master|cnt_byte[0]'
Slack : 2.937
TNS   : 0.000

Type  : Slow 1200mV 85C Model Recovery 'clk'
Slack : 17.923
TNS   : 0.000

Type  : Slow 1200mV 85C Model Removal 'clk'
Slack : 1.337
TNS   : 0.000

Type  : Slow 1200mV 85C Model Minimum Pulse Width 'master_spi:master|cnt_byte[0]'
Slack : 0.461
TNS   : 0.000

Type  : Slow 1200mV 85C Model Minimum Pulse Width 'clk'
Slack : 9.534
TNS   : 0.000

Type  : Slow 1200mV 0C Model Setup 'master_spi:master|cnt_byte[0]'
Slack : -2.594
TNS   : -2.594

Type  : Slow 1200mV 0C Model Setup 'clk'
Slack : -1.356
TNS   : -23.253

Type  : Slow 1200mV 0C Model Hold 'clk'
Slack : 0.295
TNS   : 0.000

Type  : Slow 1200mV 0C Model Hold 'master_spi:master|cnt_byte[0]'
Slack : 2.675
TNS   : 0.000

Type  : Slow 1200mV 0C Model Recovery 'clk'
Slack : 18.079
TNS   : 0.000

Type  : Slow 1200mV 0C Model Removal 'clk'
Slack : 1.218
TNS   : 0.000

Type  : Slow 1200mV 0C Model Minimum Pulse Width 'master_spi:master|cnt_byte[0]'
Slack : 0.476
TNS   : 0.000

Type  : Slow 1200mV 0C Model Minimum Pulse Width 'clk'
Slack : 9.558
TNS   : 0.000

Type  : Fast 1200mV 0C Model Setup 'master_spi:master|cnt_byte[0]'
Slack : -1.036
TNS   : -1.036

Type  : Fast 1200mV 0C Model Setup 'clk'
Slack : -0.557
TNS   : -5.184

Type  : Fast 1200mV 0C Model Hold 'clk'
Slack : 0.148
TNS   : 0.000

Type  : Fast 1200mV 0C Model Hold 'master_spi:master|cnt_byte[0]'
Slack : 1.530
TNS   : 0.000

Type  : Fast 1200mV 0C Model Recovery 'clk'
Slack : 19.006
TNS   : 0.000

Type  : Fast 1200mV 0C Model Removal 'clk'
Slack : 0.636
TNS   : 0.000

Type  : Fast 1200mV 0C Model Minimum Pulse Width 'master_spi:master|cnt_byte[0]'
Slack : 0.469
TNS   : 0.000

Type  : Fast 1200mV 0C Model Minimum Pulse Width 'clk'
Slack : 9.341
TNS   : 0.000

------------------------------------------------------------
