------------------------------------------------------------
TimeQuest Timing Analyzer Summary
------------------------------------------------------------

Type  : Slow 1200mV 85C Model Setup 'master_spi:master|cnt_byte[0]'
Slack : -2.035
TNS   : -2.035

Type  : Slow 1200mV 85C Model Setup 'clk'
Slack : -1.759
TNS   : -35.134

Type  : Slow 1200mV 85C Model Hold 'clk'
Slack : 0.325
TNS   : 0.000

Type  : Slow 1200mV 85C Model Hold 'master_spi:master|cnt_byte[0]'
Slack : 2.023
TNS   : 0.000

Type  : Slow 1200mV 85C Model Recovery 'clk'
Slack : 18.133
TNS   : 0.000

Type  : Slow 1200mV 85C Model Removal 'clk'
Slack : 1.138
TNS   : 0.000

Type  : Slow 1200mV 85C Model Minimum Pulse Width 'master_spi:master|cnt_byte[0]'
Slack : 0.399
TNS   : 0.000

Type  : Slow 1200mV 85C Model Minimum Pulse Width 'clk'
Slack : 9.535
TNS   : 0.000

Type  : Slow 1200mV 0C Model Setup 'master_spi:master|cnt_byte[0]'
Slack : -1.765
TNS   : -1.765

Type  : Slow 1200mV 0C Model Setup 'clk'
Slack : -1.519
TNS   : -30.320

Type  : Slow 1200mV 0C Model Hold 'clk'
Slack : 0.295
TNS   : 0.000

Type  : Slow 1200mV 0C Model Hold 'master_spi:master|cnt_byte[0]'
Slack : 1.832
TNS   : 0.000

Type  : Slow 1200mV 0C Model Recovery 'clk'
Slack : 18.276
TNS   : 0.000

Type  : Slow 1200mV 0C Model Removal 'clk'
Slack : 1.043
TNS   : 0.000

Type  : Slow 1200mV 0C Model Minimum Pulse Width 'master_spi:master|cnt_byte[0]'
Slack : 0.423
TNS   : 0.000

Type  : Slow 1200mV 0C Model Minimum Pulse Width 'clk'
Slack : 9.559
TNS   : 0.000

Type  : Fast 1200mV 0C Model Setup 'clk'
Slack : -0.751
TNS   : -11.804

Type  : Fast 1200mV 0C Model Setup 'master_spi:master|cnt_byte[0]'
Slack : -0.586
TNS   : -0.586

Type  : Fast 1200mV 0C Model Hold 'clk'
Slack : 0.149
TNS   : 0.000

Type  : Fast 1200mV 0C Model Hold 'master_spi:master|cnt_byte[0]'
Slack : 1.077
TNS   : 0.000

Type  : Fast 1200mV 0C Model Recovery 'clk'
Slack : 19.116
TNS   : 0.000

Type  : Fast 1200mV 0C Model Removal 'clk'
Slack : 0.544
TNS   : 0.000

Type  : Fast 1200mV 0C Model Minimum Pulse Width 'master_spi:master|cnt_byte[0]'
Slack : 0.439
TNS   : 0.000

Type  : Fast 1200mV 0C Model Minimum Pulse Width 'clk'
Slack : 9.363
TNS   : 0.000

------------------------------------------------------------
